// Jest Snapshot v1, https://goo.gl/fbAQLP

exports[`App snapshot test 1`] = `
<View>
  <Text>
    Hi i am snapshot
  </Text>
</View>
`;
